// Jest Snapshot v1, https://goo.gl/fbAQLP

exports[`<Step /> renders correctly 1`] = `
<Text
  style={
    [
      {
        "color": "#000",
      },
      {
        "flexDirection": "row",
        "flexWrap": "wrap",
        "marginBottom": 20,
      },
    ]
  }
>
  <Text
    style={
      [
        {
          "color": "#000",
        },
        {
          "fontSize": 15,
          "fontWeight": "200",
          "lineHeight": 21,
        },
      ]
    }
  >
      
  </Text>
  <Text
    style={
      [
        {
          "color": "#000",
        },
        {
          "fontSize": 15,
          "lineHeight": 21,
          "textAlign": "left",
        },
      ]
    }
  />
</Text>
`;
