// Jest Snapshot v1, https://goo.gl/fbAQLP

exports[`<Step /> renders correctly 1`] = `
<Text
  style={
    [
      {
        "color": "#000",
      },
      {
        "flexDirection": "row",
        "flexWrap": "wrap",
        "marginTop": 30,
      },
    ]
  }
>
  <Text
    style={
      [
        {
          "color": "#000",
        },
        [
          {
            "fontWeight": "200",
          },
          {
            "fontSize": 27,
            "lineHeight": 39,
          },
        ],
      ]
    }
  >
      
  </Text>
  <Text
    style={
      [
        {
          "color": "#000",
        },
        [
          {
            "textAlign": "left",
          },
          {
            "fontSize": 27,
            "lineHeight": 39,
          },
        ],
      ]
    }
  />
</Text>
`;
