// Jest Snapshot v1, https://goo.gl/fbAQLP

exports[`<Step /> renders correctly 1`] = `
<Text
  style={
    [
      {
        "color": "#000",
      },
      {
        "lineHeight": 25,
        "marginBottom": 20,
        "textAlign": "left",
      },
    ]
  }
>
  <Text
    style={
      [
        {
          "color": "#000",
        },
        {
          "fontWeight": "bold",
        },
      ]
    }
  />
   
</Text>
`;
