// Jest Snapshot v1, https://goo.gl/fbAQLP

exports[`<Calendar /> renders correctly 1`] = `
<View
  style={
    [
      {
        "backgroundColor": "#fff",
      },
      undefined,
    ]
  }
>
  <Text
    style={
      [
        {
          "color": "#000",
        },
        [
          {
            "fontSize": 20,
            "marginBottom": 10,
            "textAlign": "center",
          },
          {
            "fontFamily": "font-display",
          },
        ],
      ]
    }
  >
    Calendar
  </Text>
  <View
    accessibilityState={
      {
        "busy": undefined,
        "checked": undefined,
        "disabled": undefined,
        "expanded": undefined,
        "selected": undefined,
      }
    }
    accessibilityValue={
      {
        "max": undefined,
        "min": undefined,
        "now": undefined,
        "text": undefined,
      }
    }
    accessible={true}
    collapsable={false}
    focusable={true}
    onBlur={[Function]}
    onClick={[Function]}
    onFocus={[Function]}
    onResponderGrant={[Function]}
    onResponderMove={[Function]}
    onResponderRelease={[Function]}
    onResponderTerminate={[Function]}
    onResponderTerminationRequest={[Function]}
    onStartShouldSetResponder={[Function]}
  >
    <Text
      style={
        [
          {
            "color": "#000",
          },
          [
            {
              "marginBottom": 10,
              "textAlign": "center",
            },
            {
              "fontWeight": "bold",
            },
          ],
        ]
      }
    >
      ALL MONTHS
    </Text>
  </View>
  <RCTScrollView
    style={
      [
        {
          "backgroundColor": "#fff",
        },
        undefined,
      ]
    }
  >
    <View>
      <View
        style={
          [
            {
              "backgroundColor": "#fff",
            },
            {
              "flex": 3,
            },
          ]
        }
      />
    </View>
  </RCTScrollView>
</View>
`;
