// Jest Snapshot v1, https://goo.gl/fbAQLP

exports[`<ErrorScreen /> renders correctly 1`] = `
<View
  style={
    [
      {
        "backgroundColor": "#fff",
      },
      [
        {
          "alignItems": "center",
          "flex": 1,
          "justifyContent": "center",
        },
        {
          "padding": 30,
        },
      ],
    ]
  }
>
  <View
    style={
      [
        {
          "backgroundColor": "#fff",
        },
        {
          "flexDirection": "row",
        },
      ]
    }
  >
    <Text />
    <Text
      style={
        [
          {
            "color": "#000",
          },
          {
            "fontSize": 27,
            "lineHeight": 39,
          },
        ]
      }
    >
      Error, please try again.
    </Text>
  </View>
</View>
`;
