// Jest Snapshot v1, https://goo.gl/fbAQLP

exports[`<LoadingScreen /> renders correctly 1`] = `
<Text
  style={
    [
      {
        "color": "#000",
      },
      [
        {
          "fontSize": 20,
        },
        {
          "fontFamily": "font-display",
        },
      ],
    ]
  }
>
  Loading
</Text>
`;
