// Jest Snapshot v1, https://goo.gl/fbAQLP

exports[`<NotFoundScreen /> renders correctly 1`] = `
<View
  style={
    [
      {
        "backgroundColor": "#fff",
      },
      {
        "alignItems": "center",
        "flex": 1,
        "justifyContent": "center",
        "padding": 20,
      },
    ]
  }
>
  <Text
    style={
      [
        {
          "color": "#000",
        },
        {
          "fontSize": 20,
          "fontWeight": "bold",
        },
      ]
    }
  >
    This screen doesn't exist.
  </Text>
  <View
    accessibilityState={
      {
        "busy": undefined,
        "checked": undefined,
        "disabled": undefined,
        "expanded": undefined,
        "selected": undefined,
      }
    }
    accessibilityValue={
      {
        "max": undefined,
        "min": undefined,
        "now": undefined,
        "text": undefined,
      }
    }
    accessible={true}
    collapsable={false}
    focusable={true}
    onClick={[Function]}
    onResponderGrant={[Function]}
    onResponderMove={[Function]}
    onResponderRelease={[Function]}
    onResponderTerminate={[Function]}
    onResponderTerminationRequest={[Function]}
    onStartShouldSetResponder={[Function]}
    style={
      {
        "marginTop": 15,
        "opacity": 1,
        "paddingVertical": 15,
      }
    }
  >
    <Text
      style={
        [
          {
            "color": "#000",
          },
          {
            "color": "#2e78b7",
            "fontSize": 14,
          },
        ]
      }
    >
      Go to home screen!
    </Text>
  </View>
</View>
`;
