// Jest Snapshot v1, https://goo.gl/fbAQLP

exports[`<Steps /> renders correctly 1`] = `
<RCTScrollView
  contentContainerStyle={
    {
      "alignItems": "center",
      "flex": 1,
      "justifyContent": "center",
      "padding": 20,
    }
  }
  style={
    [
      {
        "backgroundColor": "#fff",
      },
      undefined,
    ]
  }
>
  <View>
    <Text />
    <Text
      style={
        [
          {
            "color": "#000",
          },
          [
            {
              "fontSize": 20,
            },
            {
              "fontFamily": "space-mono",
            },
          ],
        ]
      }
    >
      Steps
    </Text>
  </View>
</RCTScrollView>
`;
