// Jest Snapshot v1, https://goo.gl/fbAQLP

exports[`<Steps /> renders correctly 1`] = `
<RCTScrollView
  contentContainerStyle={
    {
      "padding": 15,
    }
  }
  style={
    [
      {
        "backgroundColor": "#fff",
      },
      undefined,
    ]
  }
>
  <View>
    <Text />
    <Text
      style={
        [
          {
            "color": "#000",
          },
          [
            {
              "fontSize": 20,
              "marginTop": 10,
              "textAlign": "center",
            },
            {
              "fontFamily": "space-mono",
            },
          ],
        ]
      }
    >
      Steps
    </Text>
    <View
      style={
        [
          {
            "backgroundColor": "#bdc3c7",
          },
          {
            "alignSelf": "center",
            "height": 1,
            "marginVertical": 20,
            "width": "100%",
          },
        ]
      }
    />
  </View>
</RCTScrollView>
`;
