// Jest Snapshot v1, https://goo.gl/fbAQLP

exports[`<Steps /> renders correctly 1`] = `
<RCTScrollView
  contentContainerStyle={
    {
      "padding": 20,
    }
  }
  style={
    [
      {
        "backgroundColor": "#fff",
      },
      undefined,
    ]
  }
>
  <View>
    <View
      style={
        [
          {
            "backgroundColor": "#fff",
          },
          {
            "alignItems": "center",
            "flexDirection": "row",
            "justifyContent": "center",
            "marginTop": 10,
          },
        ]
      }
    >
      <Text />
      <Text
        style={
          [
            {
              "color": "#000",
            },
            [
              {
                "fontSize": 22,
                "marginLeft": 10,
              },
              {
                "fontFamily": "font-display",
              },
            ],
          ]
        }
      >
        Steps
      </Text>
    </View>
    <View
      style={
        [
          {
            "backgroundColor": "#bdc3c7",
          },
          {
            "alignSelf": "center",
            "height": 1,
            "marginBottom": 30,
            "marginTop": 20,
            "width": "70%",
          },
        ]
      }
    />
    <Text
      style={
        [
          {
            "color": "#000",
          },
          {
            "flexDirection": "row",
            "flexWrap": "wrap",
            "marginBottom": 20,
          },
        ]
      }
    >
      <Text
        style={
          [
            {
              "color": "#000",
            },
            {
              "fontSize": 15,
              "fontWeight": "200",
              "lineHeight": 21,
            },
          ]
        }
      >
        1
          
      </Text>
      <Text
        style={
          [
            {
              "color": "#000",
            },
            {
              "fontSize": 15,
              "lineHeight": 21,
              "textAlign": "left",
            },
          ]
        }
      >
        Step 1
      </Text>
    </Text>
    <Text
      style={
        [
          {
            "color": "#000",
          },
          {
            "flexDirection": "row",
            "flexWrap": "wrap",
            "marginBottom": 20,
          },
        ]
      }
    >
      <Text
        style={
          [
            {
              "color": "#000",
            },
            {
              "fontSize": 15,
              "fontWeight": "200",
              "lineHeight": 21,
            },
          ]
        }
      >
        2
          
      </Text>
      <Text
        style={
          [
            {
              "color": "#000",
            },
            {
              "fontSize": 15,
              "lineHeight": 21,
              "textAlign": "left",
            },
          ]
        }
      >
        Step 2
      </Text>
    </Text>
  </View>
</RCTScrollView>
`;
