// Jest Snapshot v1, https://goo.gl/fbAQLP

exports[`<Support /> renders correctly 1`] = `
<View
  style={
    [
      {
        "backgroundColor": "#fff",
      },
      undefined,
    ]
  }
>
  <Text
    style={
      [
        {
          "color": "#000",
        },
        undefined,
      ]
    }
  >
    Support
  </Text>
</View>
`;
